// Jest Snapshot v1, https://goo.gl/fbAQLP

exports[`LoadingIndicator component rendering renders LoadingIndicator component without crashing 1`] = `
<div
  className="loading"
>
  <img
    alt="loader"
    src="loader.gif"
  />
  Loading
</div>
`;
