// Jest Snapshot v1, https://goo.gl/fbAQLP

exports[`render App component without crashing 1`] = `
<div
  className="container-fluid"
>
  <div
    className="row"
  >
    <div
      className="leftContainer col-12 col-md-6"
    >
      <section>
        <div
          className="searchContainer"
        >
          <h1>
            Weather Forecast
          </h1>
          <p>
            Find the most current and reliable 5 day weather forecasts
          </p>
          <input
            aria-label="search-input"
            className="form-control"
            onChange={[Function]}
            placeholder="Enter City Name here ..."
            type="text"
            value=""
          />
        </div>
      </section>
    </div>
    <div
      className="rightContainer col-12 col-md-6"
    >
      <div
        className="list"
      />
    </div>
  </div>
</div>
`;
